HCOPY  000000001071
T0000001e1720634b20210320602900003320064b203b3f2fee0320550f2056010003
T00001e090f20484b20293e203f
T0000271db410b400b44075101000e32038332ffadb2032a00433200857a02fb850
T000044093b2fea13201f4f0000
T00006c01f1
T00004d19b410772017e3201b332ffa53a016df2012b8503b2fef4f0000
T00006d04454f4605
E000000
