HSUM   00000000000F
T0000000F03200907200590104F000001000000
E000000