HSUM   000000000011
T0000000803200b0720059010
T00000b03000001
T000008034f0000
T00000e03000000
E000000
